stm32f1xx_it.c:72:6:NMI_Handler	4	static
stm32f1xx_it.c:87:6:HardFault_Handler	4	static
stm32f1xx_it.c:102:6:MemManage_Handler	4	static
stm32f1xx_it.c:117:6:BusFault_Handler	4	static
stm32f1xx_it.c:132:6:UsageFault_Handler	4	static
stm32f1xx_it.c:147:6:SVC_Handler	4	static
stm32f1xx_it.c:160:6:DebugMon_Handler	4	static
stm32f1xx_it.c:173:6:PendSV_Handler	4	static
stm32f1xx_it.c:186:6:SysTick_Handler	8	static
stm32f1xx_it.c:207:6:DMA1_Channel1_IRQHandler	8	static
stm32f1xx_it.c:221:6:ADC1_2_IRQHandler	8	static
stm32f1xx_it.c:235:6:EXTI9_5_IRQHandler	8	static
stm32f1xx_it.c:249:6:TIM1_BRK_IRQHandler	8	static
stm32f1xx_it.c:263:6:TIM1_UP_IRQHandler	8	static
stm32f1xx_it.c:277:6:TIM1_TRG_COM_IRQHandler	8	static
stm32f1xx_it.c:291:6:TIM1_CC_IRQHandler	8	static
