Archive member included to satisfy reference by file (symbol)

c:/st/stm32cubeide_1.7.0/stm32cubeide/plugins/com.st.stm32cube.ide.mcu.externaltools.gnu-tools-for-stm32.9-2020-q2-update.win32_2.0.0.202105311346/tools/bin/../lib/gcc/arm-none-eabi/9.3.1/../../../../arm-none-eabi/lib/thumb/v7-m/nofp\libc_nano.a(lib_a-errno.o)
                              ./Core/Src/syscalls.o (__errno)
c:/st/stm32cubeide_1.7.0/stm32cubeide/plugins/com.st.stm32cube.ide.mcu.externaltools.gnu-tools-for-stm32.9-2020-q2-update.win32_2.0.0.202105311346/tools/bin/../lib/gcc/arm-none-eabi/9.3.1/../../../../arm-none-eabi/lib/thumb/v7-m/nofp\libc_nano.a(lib_a-exit.o)
                              c:/st/stm32cubeide_1.7.0/stm32cubeide/plugins/com.st.stm32cube.ide.mcu.externaltools.gnu-tools-for-stm32.9-2020-q2-update.win32_2.0.0.202105311346/tools/bin/../lib/gcc/arm-none-eabi/9.3.1/../../../../arm-none-eabi/lib/thumb/v7-m/nofp/crt0.o (exit)
c:/st/stm32cubeide_1.7.0/stm32cubeide/plugins/com.st.stm32cube.ide.mcu.externaltools.gnu-tools-for-stm32.9-2020-q2-update.win32_2.0.0.202105311346/tools/bin/../lib/gcc/arm-none-eabi/9.3.1/../../../../arm-none-eabi/lib/thumb/v7-m/nofp\libc_nano.a(lib_a-impure.o)
                              c:/st/stm32cubeide_1.7.0/stm32cubeide/plugins/com.st.stm32cube.ide.mcu.externaltools.gnu-tools-for-stm32.9-2020-q2-update.win32_2.0.0.202105311346/tools/bin/../lib/gcc/arm-none-eabi/9.3.1/../../../../arm-none-eabi/lib/thumb/v7-m/nofp\libc_nano.a(lib_a-exit.o) (_global_impure_ptr)
c:/st/stm32cubeide_1.7.0/stm32cubeide/plugins/com.st.stm32cube.ide.mcu.externaltools.gnu-tools-for-stm32.9-2020-q2-update.win32_2.0.0.202105311346/tools/bin/../lib/gcc/arm-none-eabi/9.3.1/../../../../arm-none-eabi/lib/thumb/v7-m/nofp\libc_nano.a(lib_a-init.o)
                              c:/st/stm32cubeide_1.7.0/stm32cubeide/plugins/com.st.stm32cube.ide.mcu.externaltools.gnu-tools-for-stm32.9-2020-q2-update.win32_2.0.0.202105311346/tools/bin/../lib/gcc/arm-none-eabi/9.3.1/../../../../arm-none-eabi/lib/thumb/v7-m/nofp/crt0.o (__libc_init_array)
c:/st/stm32cubeide_1.7.0/stm32cubeide/plugins/com.st.stm32cube.ide.mcu.externaltools.gnu-tools-for-stm32.9-2020-q2-update.win32_2.0.0.202105311346/tools/bin/../lib/gcc/arm-none-eabi/9.3.1/../../../../arm-none-eabi/lib/thumb/v7-m/nofp\libc_nano.a(lib_a-memset.o)
                              c:/st/stm32cubeide_1.7.0/stm32cubeide/plugins/com.st.stm32cube.ide.mcu.externaltools.gnu-tools-for-stm32.9-2020-q2-update.win32_2.0.0.202105311346/tools/bin/../lib/gcc/arm-none-eabi/9.3.1/../../../../arm-none-eabi/lib/thumb/v7-m/nofp/crt0.o (memset)

Allocating common symbols
Common symbol       size              file

adc_data_avg        0x18              ./Core/Src/adc.o
executandoComandos  0x1               ./Core/Src/app3.o
leftSpeed           0x28              ./Core/Src/app3.o
commandDuration     0x28              ./Core/Src/app3.o
oponenteDetectado_dir
                    0x1               ./Core/Src/app3.o
numberOfCommands    0x4               ./Core/Src/app3.o
estado              0x1               ./Core/Src/app3.o
ligar               0x1               ./Core/Src/app3.o
oponenteDetectado   0x1               ./Core/Src/app3.o
uwTick              0x4               ./Drivers/STM32F1xx_HAL_Driver/Src/stm32f1xx_hal.o
pFlash              0x20              ./Drivers/STM32F1xx_HAL_Driver/Src/stm32f1xx_hal_flash.o
distance            0x4               ./Core/Src/adc.o
state               0x1               ./Core/Src/app3.o
detectado_oponente  0x1               ./Core/Src/app3.o
hadc1               0x30              ./Core/Src/main.o
hdma_adc1           0x44              ./Core/Src/main.o
commandIndex        0x4               ./Core/Src/app3.o
adc_data            0xc               ./Core/Src/adc.o
htim1               0x48              ./Core/Src/main.o
nextCommand         0x4               ./Core/Src/app3.o
rightSpeed          0x28              ./Core/Src/app3.o
bordaDetectada      0x1               ./Core/Src/app3.o
startTime           0x4               ./Core/Src/app3.o
oponenteDetectado_esq
                    0x1               ./Core/Src/app3.o

Discarded input sections

 .text          0x0000000000000000        0x0 c:/st/stm32cubeide_1.7.0/stm32cubeide/plugins/com.st.stm32cube.ide.mcu.externaltools.gnu-tools-for-stm32.9-2020-q2-update.win32_2.0.0.202105311346/tools/bin/../lib/gcc/arm-none-eabi/9.3.1/thumb/v7-m/nofp/crti.o
 .data          0x0000000000000000        0x0 c:/st/stm32cubeide_1.7.0/stm32cubeide/plugins/com.st.stm32cube.ide.mcu.externaltools.gnu-tools-for-stm32.9-2020-q2-update.win32_2.0.0.202105311346/tools/bin/../lib/gcc/arm-none-eabi/9.3.1/thumb/v7-m/nofp/crti.o
 .bss           0x0000000000000000        0x0 c:/st/stm32cubeide_1.7.0/stm32cubeide/plugins/com.st.stm32cube.ide.mcu.externaltools.gnu-tools-for-stm32.9-2020-q2-update.win32_2.0.0.202105311346/tools/bin/../lib/gcc/arm-none-eabi/9.3.1/thumb/v7-m/nofp/crti.o
[...]
Memory Configuration

Name             Origin             Length             Attributes
RAM              0x0000000020000000 0x0000000000005000 xrw
FLASH            0x0000000008000000 0x0000000000010000 xr
*default*        0x0000000000000000 0xffffffffffffffff

Linker script and memory map

LOAD c:/st/stm32cubeide_1.7.0/stm32cubeide/plugins/com.st.stm32cube.ide.mcu.externaltools.gnu-tools-for-stm32.9-2020-q2-update.win32_2.0.0.202105311346/tools/bin/../lib/gcc/arm-none-eabi/9.3.1/thumb/v7-m/nofp/crti.o
LOAD c:/st/stm32cubeide_1.7.0/stm32cubeide/plugins/com.st.stm32cube.ide.mcu.externaltools.gnu-tools-for-stm32.9-2020-q2-update.win32_2.0.0.202105311346/tools/bin/../lib/gcc/arm-none-eabi/9.3.1/thumb/v7-m/nofp/crtbegin.o
LOAD c:/st/stm32cubeide_1.7.0/stm32cubeide/plugins/com.st.stm32cube.ide.mcu.externaltools.gnu-tools-for-stm32.9-2020-q2-update.win32_2.0.0.202105311346/tools/bin/../lib/gcc/arm-none-eabi/9.3.1/../../../../arm-none-eabi/lib/thumb/v7-m/nofp/crt0.o
LOAD ./Core/Src/adc.o
LOAD ./Core/Src/app3.o
LOAD ./Core/Src/main.o
LOAD ./Core/Src/motor.o
LOAD ./Core/Src/motor3.o
LOAD ./Core/Src/stm32f1xx_hal_msp.o
LOAD ./Core/Src/stm32f1xx_it.o
LOAD ./Core/Src/syscalls.o
LOAD ./Core/Src/sysmem.o
LOAD ./Core/Src/system_stm32f1xx.o
LOAD ./Core/Src/test.o
LOAD ./Core/Startup/startup_stm32f103c8tx.o
LOAD ./Drivers/STM32F1xx_HAL_Driver/Src/stm32f1xx_hal.o
LOAD ./Drivers/STM32F1xx_HAL_Driver/Src/stm32f1xx_hal_adc.o
LOAD ./Drivers/STM32F1xx_HAL_Driver/Src/stm32f1xx_hal_adc_ex.o
LOAD ./Drivers/STM32F1xx_HAL_Driver/Src/stm32f1xx_hal_cortex.o
LOAD ./Drivers/STM32F1xx_HAL_Driver/Src/stm32f1xx_hal_dma.o
LOAD ./Drivers/STM32F1xx_HAL_Driver/Src/stm32f1xx_hal_exti.o
LOAD ./Drivers/STM32F1xx_HAL_Driver/Src/stm32f1xx_hal_flash.o
LOAD ./Drivers/STM32F1xx_HAL_Driver/Src/stm32f1xx_hal_flash_ex.o
LOAD ./Drivers/STM32F1xx_HAL_Driver/Src/stm32f1xx_hal_gpio.o
LOAD ./Drivers/STM32F1xx_HAL_Driver/Src/stm32f1xx_hal_gpio_ex.o
LOAD ./Drivers/STM32F1xx_HAL_Driver/Src/stm32f1xx_hal_pwr.o
LOAD ./Drivers/STM32F1xx_HAL_Driver/Src/stm32f1xx_hal_rcc.o
LOAD ./Drivers/STM32F1xx_HAL_Driver/Src/stm32f1xx_hal_rcc_ex.o
LOAD ./Drivers/STM32F1xx_HAL_Driver/Src/stm32f1xx_hal_tim.o
LOAD ./Drivers/STM32F1xx_HAL_Driver/Src/stm32f1xx_hal_tim_ex.o
START GROUP
LOAD c:/st/stm32cubeide_1.7.0/stm32cubeide/plugins/com.st.stm32cube.ide.mcu.externaltools.gnu-tools-for-stm32.9-2020-q2-update.win32_2.0.0.202105311346/tools/bin/../lib/gcc/arm-none-eabi/9.3.1/../../../../arm-none-eabi/lib/thumb/v7-m/nofp\libc_nano.a
LOAD c:/st/stm32cubeide_1.7.0/stm32cubeide/plugins/com.st.stm32cube.ide.mcu.externaltools.gnu-tools-for-stm32.9-2020-q2-update.win32_2.0.0.202105311346/tools/bin/../lib/gcc/arm-none-eabi/9.3.1/../../../../arm-none-eabi/lib/thumb/v7-m/nofp\libm.a
END GROUP
START GROUP
LOAD c:/st/stm32cubeide_1.7.0/stm32cubeide/plugins/com.st.stm32cube.ide.mcu.externaltools.gnu-tools-for-stm32.9-2020-q2-update.win32_2.0.0.202105311346/tools/bin/../lib/gcc/arm-none-eabi/9.3.1/thumb/v7-m/nofp\libgcc.a
LOAD c:/st/stm32cubeide_1.7.0/stm32cubeide/plugins/com.st.stm32cube.ide.mcu.externaltools.gnu-tools-for-stm32.9-2020-q2-update.win32_2.0.0.202105311346/tools/bin/../lib/gcc/arm-none-eabi/9.3.1/../../../../arm-none-eabi/lib/thumb/v7-m/nofp\libc_nano.a
END GROUP
START GROUP
LOAD c:/st/stm32cubeide_1.7.0/stm32cubeide/plugins/com.st.stm32cube.ide.mcu.externaltools.gnu-tools-for-stm32.9-2020-q2-update.win32_2.0.0.202105311346/tools/bin/../lib/gcc/arm-none-eabi/9.3.1/thumb/v7-m/nofp\libgcc.a
LOAD c:/st/stm32cubeide_1.7.0/stm32cubeide/plugins/com.st.stm32cube.ide.mcu.externaltools.gnu-tools-for-stm32.9-2020-q2-update.win32_2.0.0.202105311346/tools/bin/../lib/gcc/arm-none-eabi/9.3.1/../../../../arm-none-eabi/lib/thumb/v7-m/nofp\libc_nano.a
LOAD c:/st/stm32cubeide_1.7.0/stm32cubeide/plugins/com.st.stm32cube.ide.mcu.externaltools.gnu-tools-for-stm32.9-2020-q2-update.win32_2.0.0.202105311346/tools/bin/../lib/gcc/arm-none-eabi/9.3.1/../../../../arm-none-eabi/lib/thumb/v7-m/nofp\libnosys.a
END GROUP
START GROUP
LOAD c:/st/stm32cubeide_1.7.0/stm32cubeide/plugins/com.st.stm32cube.ide.mcu.externaltools.gnu-tools-for-stm32.9-2020-q2-update.win32_2.0.0.202105311346/tools/bin/../lib/gcc/arm-none-eabi/9.3.1/thumb/v7-m/nofp\libgcc.a
LOAD c:/st/stm32cubeide_1.7.0/stm32cubeide/plugins/com.st.stm32cube.ide.mcu.externaltools.gnu-tools-for-stm32.9-2020-q2-update.win32_2.0.0.202105311346/tools/bin/../lib/gcc/arm-none-eabi/9.3.1/../../../../arm-none-eabi/lib/thumb/v7-m/nofp\libc_nano.a
LOAD c:/st/stm32cubeide_1.7.0/stm32cubeide/plugins/com.st.stm32cube.ide.mcu.externaltools.gnu-tools-for-stm32.9-2020-q2-update.win32_2.0.0.202105311346/tools/bin/../lib/gcc/arm-none-eabi/9.3.1/../../../../arm-none-eabi/lib/thumb/v7-m/nofp\libnosys.a
END GROUP
LOAD c:/st/stm32cubeide_1.7.0/stm32cubeide/plugins/com.st.stm32cube.ide.mcu.externaltools.gnu-tools-for-stm32.9-2020-q2-update.win32_2.0.0.202105311346/tools/bin/../lib/gcc/arm-none-eabi/9.3.1/thumb/v7-m/nofp/crtend.o
LOAD c:/st/stm32cubeide_1.7.0/stm32cubeide/plugins/com.st.stm32cube.ide.mcu.externaltools.gnu-tools-for-stm32.9-2020-q2-update.win32_2.0.0.202105311346/tools/bin/../lib/gcc/arm-none-eabi/9.3.1/thumb/v7-m/nofp/crtn.o
                0x0000000020005000                _estack = (ORIGIN (RAM) + LENGTH (RAM))
                0x0000000000000200                _Min_Heap_Size = 0x200
                0x0000000000000400                _Min_Stack_Size = 0x400

.isr_vector     0x0000000008000000      0x10c
                0x0000000008000000                . = ALIGN (0x4)
 *(.isr_vector)
 .isr_vector    0x0000000008000000      0x10c ./Core/Startup/startup_stm32f103c8tx.o
                0x0000000008000000                g_pfnVectors
                0x000000000800010c                . = ALIGN (0x4)

.text           0x000000000800010c     0x3de0
                0x000000000800010c                . = ALIGN (0x4)
 *(.text)
 .text          0x000000000800010c       0x40 c:/st/stm32cubeide_1.7.0/stm32cubeide/plugins/com.st.stm32cube.ide.mcu.externaltools.gnu-tools-for-stm32.9-2020-q2-update.win32_2.0.0.202105311346/tools/bin/../lib/gcc/arm-none-eabi/9.3.1/thumb/v7-m/nofp/crtbegin.o
 *(.text*)
 .text.HAL_ADC_ConvCpltCallback
                0x000000000800014c       0xa8 ./Core/Src/adc.o
                0x000000000800014c                HAL_ADC_ConvCpltCallback
 .text.adc_init
                0x00000000080001f4       0x40 ./Core/Src/adc.o
                0x00000000080001f4                adc_init
 .text.hw_timer_get_tick_ms
                0x0000000008000234        0xe ./Core/Src/app3.o
                0x0000000008000234                hw_timer_get_tick_ms
 *fill*         0x0000000008000242        0x2 
 .text.updateFromSensors
                0x0000000008000244       0xb4 ./Core/Src/app3.o
                0x0000000008000244                updateFromSensors
 .text.maquina_de_estado
                0x00000000080002f8      0x108 ./Core/Src/app3.o
                0x00000000080002f8                maquina_de_estado
 .text.survive  0x0000000008000400       0xf0 ./Core/Src/app3.o
                0x0000000008000400                survive
 .text.hunt     0x00000000080004f0       0x40 ./Core/Src/app3.o
                0x00000000080004f0                hunt
 .text.target   0x0000000008000530       0x9c ./Core/Src/app3.o
                0x0000000008000530                target
 .text.attack   0x00000000080005cc       0x44 ./Core/Src/app3.o
                0x00000000080005cc                attack
 .text.clearCommands
                0x0000000008000610       0x2c ./Core/Src/app3.o
                0x0000000008000610                clearCommands
 .text.startExecutingCommands
                0x000000000800063c       0x38 ./Core/Src/app3.o
                0x000000000800063c                startExecutingCommands
 .text.addCommand
                0x0000000008000674       0x5c ./Core/Src/app3.o
                0x0000000008000674                addCommand
 .text.executeCommands
                0x00000000080006d0       0x80 ./Core/Src/app3.o
                0x00000000080006d0                executeCommands
 .text.app3_init
                0x0000000008000750       0x24 ./Core/Src/app3.o
                0x0000000008000750                app3_init
 .text.app3_loop
                0x0000000008000774       0x54 ./Core/Src/app3.o
                0x0000000008000774                app3_loop
 .text.main     0x00000000080007c8       0x26 ./Core/Src/main.o
                0x00000000080007c8                main
 .text.SystemClock_Config
                0x00000000080007ee       0xae ./Core/Src/main.o
                0x00000000080007ee                SystemClock_Config
 .text.MX_ADC1_Init
                0x000000000800089c      0x10c ./Core/Src/main.o
 .text.MX_TIM1_Init
                0x00000000080009a8      0x15c ./Core/Src/main.o
 .text.MX_DMA_Init
                0x0000000008000b04       0x3c ./Core/Src/main.o
 .text.MX_GPIO_Init
                0x0000000008000b40      0x124 ./Core/Src/main.o
 .text.Error_Handler
                0x0000000008000c64        0xa ./Core/Src/main.o
                0x0000000008000c64                Error_Handler
 *fill*         0x0000000008000c6e        0x2 
 .text.init     0x0000000008000c70       0x24 ./Core/Src/motor3.o
 .text.motor3_init
                0x0000000008000c94       0x6c ./Core/Src/motor3.o
                0x0000000008000c94                motor3_init
 .text.motor_parada
                0x0000000008000d00       0x58 ./Core/Src/motor3.o
                0x0000000008000d00                motor_parada
 .text.setSpeeds
                0x0000000008000d58       0x1e ./Core/Src/motor3.o
                0x0000000008000d58                setSpeeds
 *fill*         0x0000000008000d76        0x2 
 .text.setLeftSpeed
                0x0000000008000d78       0x90 ./Core/Src/motor3.o
                0x0000000008000d78                setLeftSpeed
 .text.setRightSpeed
                0x0000000008000e08       0x90 ./Core/Src/motor3.o
                0x0000000008000e08                setRightSpeed
 .text.HAL_MspInit
                0x0000000008000e98       0x64 ./Core/Src/stm32f1xx_hal_msp.o
                0x0000000008000e98                HAL_MspInit
 .text.HAL_ADC_MspInit
                0x0000000008000efc      0x110 ./Core/Src/stm32f1xx_hal_msp.o
                0x0000000008000efc                HAL_ADC_MspInit
 .text.HAL_TIM_Base_MspInit
                0x000000000800100c       0x7c ./Core/Src/stm32f1xx_hal_msp.o
                0x000000000800100c                HAL_TIM_Base_MspInit
 .text.HAL_TIM_MspPostInit
                0x0000000008001088       0x68 ./Core/Src/stm32f1xx_hal_msp.o
                0x0000000008001088                HAL_TIM_MspPostInit
 .text.NMI_Handler
                0x00000000080010f0        0x6 ./Core/Src/stm32f1xx_it.o
                0x00000000080010f0                NMI_Handler
 .text.HardFault_Handler
                0x00000000080010f6        0x6 ./Core/Src/stm32f1xx_it.o
                0x00000000080010f6                HardFault_Handler
 .text.MemManage_Handler
                0x00000000080010fc        0x6 ./Core/Src/stm32f1xx_it.o
                0x00000000080010fc                MemManage_Handler
 .text.BusFault_Handler
                0x0000000008001102        0x6 ./Core/Src/stm32f1xx_it.o
                0x0000000008001102                BusFault_Handler
 .text.UsageFault_Handler
                0x0000000008001108        0x6 ./Core/Src/stm32f1xx_it.o
                0x0000000008001108                UsageFault_Handler
 .text.SVC_Handler
                0x000000000800110e        0xc ./Core/Src/stm32f1xx_it.o
                0x000000000800110e                SVC_Handler
 .text.DebugMon_Handler
                0x000000000800111a        0xc ./Core/Src/stm32f1xx_it.o
                0x000000000800111a                DebugMon_Handler
 .text.PendSV_Handler
                0x0000000008001126        0xc ./Core/Src/stm32f1xx_it.o
                0x0000000008001126                PendSV_Handler
 .text.SysTick_Handler
                0x0000000008001132        0xc ./Core/Src/stm32f1xx_it.o
                0x0000000008001132                SysTick_Handler
 *fill*         0x000000000800113e        0x2 
 .text.DMA1_Channel1_IRQHandler
                0x0000000008001140       0x14 ./Core/Src/stm32f1xx_it.o
                0x0000000008001140                DMA1_Channel1_IRQHandler
 .text.ADC1_2_IRQHandler
                0x0000000008001154       0x14 ./Core/Src/stm32f1xx_it.o
                0x0000000008001154                ADC1_2_IRQHandler
 .text.EXTI9_5_IRQHandler
                0x0000000008001168        0xe ./Core/Src/stm32f1xx_it.o
                0x0000000008001168                EXTI9_5_IRQHandler
 *fill*         0x0000000008001176        0x2 
 .text.TIM1_BRK_IRQHandler
                0x0000000008001178       0x14 ./Core/Src/stm32f1xx_it.o
                0x0000000008001178                TIM1_BRK_IRQHandler
 .text.TIM1_UP_IRQHandler
                0x000000000800118c       0x14 ./Core/Src/stm32f1xx_it.o
                0x000000000800118c                TIM1_UP_IRQHandler
 .text.TIM1_TRG_COM_IRQHandler
                0x00000000080011a0       0x14 ./Core/Src/stm32f1xx_it.o
                0x00000000080011a0                TIM1_TRG_COM_IRQHandler
 .text.TIM1_CC_IRQHandler
                0x00000000080011b4       0x14 ./Core/Src/stm32f1xx_it.o
                0x00000000080011b4                TIM1_CC_IRQHandler
 .text.SystemInit
                0x00000000080011c8        0xc ./Core/Src/system_stm32f1xx.o
                0x00000000080011c8                SystemInit
 .text.HAL_GPIO_EXTI_Callback
                0x00000000080011d4       0x24 ./Core/Src/test.o
                0x00000000080011d4                HAL_GPIO_EXTI_Callback
 .text.Reset_Handler
                0x00000000080011f8       0x48 ./Core/Startup/startup_stm32f103c8tx.o
                0x00000000080011f8                Reset_Handler
 .text.Default_Handler
                0x0000000008001240        0x2 ./Core/Startup/startup_stm32f103c8tx.o
                0x0000000008001240                RTC_Alarm_IRQHandler
                0x0000000008001240                EXTI2_IRQHandler
                0x0000000008001240                PVD_IRQHandler
                0x0000000008001240                EXTI3_IRQHandler
                0x0000000008001240                EXTI0_IRQHandler
                0x0000000008001240                I2C2_EV_IRQHandler
                0x0000000008001240                SPI1_IRQHandler
                0x0000000008001240                TAMPER_IRQHandler
                0x0000000008001240                DMA1_Channel4_IRQHandler
                0x0000000008001240                USART3_IRQHandler
                0x0000000008001240                RTC_IRQHandler
                0x0000000008001240                DMA1_Channel7_IRQHandler
                0x0000000008001240                CAN1_RX1_IRQHandler
                0x0000000008001240                TIM4_IRQHandler
                0x0000000008001240                I2C1_EV_IRQHandler
                0x0000000008001240                DMA1_Channel6_IRQHandler
                0x0000000008001240                TIM3_IRQHandler
                0x0000000008001240                RCC_IRQHandler
                0x0000000008001240                Default_Handler
                0x0000000008001240                EXTI15_10_IRQHandler
                0x0000000008001240                SPI2_IRQHandler
                0x0000000008001240                DMA1_Channel5_IRQHandler
                0x0000000008001240                EXTI4_IRQHandler
                0x0000000008001240                USB_LP_CAN1_RX0_IRQHandler
                0x0000000008001240                USB_HP_CAN1_TX_IRQHandler
                0x0000000008001240                DMA1_Channel3_IRQHandler
                0x0000000008001240                WWDG_IRQHandler
                0x0000000008001240                TIM2_IRQHandler
                0x0000000008001240                EXTI1_IRQHandler
                0x0000000008001240                USART2_IRQHandler
                0x0000000008001240                I2C2_ER_IRQHandler
                0x0000000008001240                DMA1_Channel2_IRQHandler
                0x0000000008001240                CAN1_SCE_IRQHandler
                0x0000000008001240                FLASH_IRQHandler
                0x0000000008001240                USART1_IRQHandler
                0x0000000008001240                I2C1_ER_IRQHandler
                0x0000000008001240                USBWakeUp_IRQHandler
 *fill*         0x0000000008001242        0x2 
 .text.HAL_Init
                0x0000000008001244       0x2c ./Drivers/STM32F1xx_HAL_Driver/Src/stm32f1xx_hal.o
                0x0000000008001244                HAL_Init
 .text.HAL_InitTick
                0x0000000008001270       0x60 ./Drivers/STM32F1xx_HAL_Driver/Src/stm32f1xx_hal.o
                0x0000000008001270                HAL_InitTick
 .text.HAL_IncTick
                0x00000000080012d0       0x24 ./Drivers/STM32F1xx_HAL_Driver/Src/stm32f1xx_hal.o
                0x00000000080012d0                HAL_IncTick
 .text.HAL_GetTick
                0x00000000080012f4       0x14 ./Drivers/STM32F1xx_HAL_Driver/Src/stm32f1xx_hal.o
                0x00000000080012f4                HAL_GetTick
 .text.HAL_Delay
                0x0000000008001308       0x48 ./Drivers/STM32F1xx_HAL_Driver/Src/stm32f1xx_hal.o
                0x0000000008001308                HAL_Delay
 .text.HAL_ADC_Init
                0x0000000008001350      0x1b0 ./Drivers/STM32F1xx_HAL_Driver/Src/stm32f1xx_hal_adc.o
                0x0000000008001350                HAL_ADC_Init
 .text.HAL_ADC_Start_DMA
                0x0000000008001500      0x1bc ./Drivers/STM32F1xx_HAL_Driver/Src/stm32f1xx_hal_adc.o
                0x0000000008001500                HAL_ADC_Start_DMA
 .text.HAL_ADC_IRQHandler
                0x00000000080016bc      0x186 ./Drivers/STM32F1xx_HAL_Driver/Src/stm32f1xx_hal_adc.o
                0x00000000080016bc                HAL_ADC_IRQHandler
 .text.HAL_ADC_ConvHalfCpltCallback
                0x0000000008001842       0x12 ./Drivers/STM32F1xx_HAL_Driver/Src/stm32f1xx_hal_adc.o
                0x0000000008001842                HAL_ADC_ConvHalfCpltCallback
 .text.HAL_ADC_LevelOutOfWindowCallback
                0x0000000008001854       0x12 ./Drivers/STM32F1xx_HAL_Driver/Src/stm32f1xx_hal_adc.o
                0x0000000008001854                HAL_ADC_LevelOutOfWindowCallback
 .text.HAL_ADC_ErrorCallback
                0x0000000008001866       0x12 ./Drivers/STM32F1xx_HAL_Driver/Src/stm32f1xx_hal_adc.o
                0x0000000008001866                HAL_ADC_ErrorCallback
 .text.HAL_ADC_ConfigChannel
                0x0000000008001878      0x1f0 ./Drivers/STM32F1xx_HAL_Driver/Src/stm32f1xx_hal_adc.o
                0x0000000008001878                HAL_ADC_ConfigChannel
 .text.ADC_Enable
                0x0000000008001a68       0xb4 ./Drivers/STM32F1xx_HAL_Driver/Src/stm32f1xx_hal_adc.o
                0x0000000008001a68                ADC_Enable
 .text.ADC_ConversionStop_Disable
                0x0000000008001b1c       0x82 ./Drivers/STM32F1xx_HAL_Driver/Src/stm32f1xx_hal_adc.o
                0x0000000008001b1c                ADC_ConversionStop_Disable
 .text.ADC_DMAConvCplt
                0x0000000008001b9e       0x7c ./Drivers/STM32F1xx_HAL_Driver/Src/stm32f1xx_hal_adc.o
                0x0000000008001b9e                ADC_DMAConvCplt
 .text.ADC_DMAHalfConvCplt
                0x0000000008001c1a       0x1c ./Drivers/STM32F1xx_HAL_Driver/Src/stm32f1xx_hal_adc.o
                0x0000000008001c1a                ADC_DMAHalfConvCplt
 .text.ADC_DMAError
                0x0000000008001c36       0x34 ./Drivers/STM32F1xx_HAL_Driver/Src/stm32f1xx_hal_adc.o
                0x0000000008001c36                ADC_DMAError
 .text.HAL_ADCEx_InjectedConvCpltCallback
                0x0000000008001c6a       0x12 ./Drivers/STM32F1xx_HAL_Driver/Src/stm32f1xx_hal_adc_ex.o
                0x0000000008001c6a                HAL_ADCEx_InjectedConvCpltCallback
 .text.__NVIC_SetPriorityGrouping
                0x0000000008001c7c       0x48 ./Drivers/STM32F1xx_HAL_Driver/Src/stm32f1xx_hal_cortex.o
 .text.__NVIC_GetPriorityGrouping
                0x0000000008001cc4       0x1c ./Drivers/STM32F1xx_HAL_Driver/Src/stm32f1xx_hal_cortex.o
 .text.__NVIC_EnableIRQ
                0x0000000008001ce0       0x38 ./Drivers/STM32F1xx_HAL_Driver/Src/stm32f1xx_hal_cortex.o
 .text.__NVIC_SetPriority
                0x0000000008001d18       0x54 ./Drivers/STM32F1xx_HAL_Driver/Src/stm32f1xx_hal_cortex.o
 .text.NVIC_EncodePriority
                0x0000000008001d6c       0x64 ./Drivers/STM32F1xx_HAL_Driver/Src/stm32f1xx_hal_cortex.o
 .text.SysTick_Config
                0x0000000008001dd0       0x44 ./Drivers/STM32F1xx_HAL_Driver/Src/stm32f1xx_hal_cortex.o
 .text.HAL_NVIC_SetPriorityGrouping
                0x0000000008001e14       0x16 ./Drivers/STM32F1xx_HAL_Driver/Src/stm32f1xx_hal_cortex.o
                0x0000000008001e14                HAL_NVIC_SetPriorityGrouping
 .text.HAL_NVIC_SetPriority
                0x0000000008001e2a       0x38 ./Drivers/STM32F1xx_HAL_Driver/Src/stm32f1xx_hal_cortex.o
                0x0000000008001e2a                HAL_NVIC_SetPriority
 .text.HAL_NVIC_EnableIRQ
                0x0000000008001e62       0x1c ./Drivers/STM32F1xx_HAL_Driver/Src/stm32f1xx_hal_cortex.o
                0x0000000008001e62                HAL_NVIC_EnableIRQ
 .text.HAL_SYSTICK_Config
                0x0000000008001e7e       0x18 ./Drivers/STM32F1xx_HAL_Driver/Src/stm32f1xx_hal_cortex.o
                0x0000000008001e7e                HAL_SYSTICK_Config
 *fill*         0x0000000008001e96        0x2 
 .text.HAL_DMA_Init
                0x0000000008001e98       0xb4 ./Drivers/STM32F1xx_HAL_Driver/Src/stm32f1xx_hal_dma.o
                0x0000000008001e98                HAL_DMA_Init
 .text.HAL_DMA_Start_IT
                0x0000000008001f4c       0xbe ./Drivers/STM32F1xx_HAL_Driver/Src/stm32f1xx_hal_dma.o
                0x0000000008001f4c                HAL_DMA_Start_IT
 *fill*         0x000000000800200a        0x2 
 .text.HAL_DMA_IRQHandler
                0x000000000800200c      0x20c ./Drivers/STM32F1xx_HAL_Driver/Src/stm32f1xx_hal_dma.o
                0x000000000800200c                HAL_DMA_IRQHandler
 .text.DMA_SetConfig
                0x0000000008002218       0x5a ./Drivers/STM32F1xx_HAL_Driver/Src/stm32f1xx_hal_dma.o
 *fill*         0x0000000008002272        0x2 
 .text.HAL_GPIO_Init
                0x0000000008002274      0x308 ./Drivers/STM32F1xx_HAL_Driver/Src/stm32f1xx_hal_gpio.o
                0x0000000008002274                HAL_GPIO_Init
 .text.HAL_GPIO_WritePin
                0x000000000800257c       0x30 ./Drivers/STM32F1xx_HAL_Driver/Src/stm32f1xx_hal_gpio.o
                0x000000000800257c                HAL_GPIO_WritePin
 .text.HAL_GPIO_EXTI_IRQHandler
                0x00000000080025ac       0x30 ./Drivers/STM32F1xx_HAL_Driver/Src/stm32f1xx_hal_gpio.o
                0x00000000080025ac                HAL_GPIO_EXTI_IRQHandler
 .text.HAL_RCC_OscConfig
                0x00000000080025dc      0x500 ./Drivers/STM32F1xx_HAL_Driver/Src/stm32f1xx_hal_rcc.o
                0x00000000080025dc                HAL_RCC_OscConfig
 .text.HAL_RCC_ClockConfig
                0x0000000008002adc      0x1d4 ./Drivers/STM32F1xx_HAL_Driver/Src/stm32f1xx_hal_rcc.o
                0x0000000008002adc                HAL_RCC_ClockConfig
 .text.HAL_RCC_GetSysClockFreq
                0x0000000008002cb0       0xc0 ./Drivers/STM32F1xx_HAL_Driver/Src/stm32f1xx_hal_rcc.o
                0x0000000008002cb0                HAL_RCC_GetSysClockFreq
 .text.RCC_Delay
                0x0000000008002d70       0x3c ./Drivers/STM32F1xx_HAL_Driver/Src/stm32f1xx_hal_rcc.o
 .text.HAL_RCCEx_PeriphCLKConfig
                0x0000000008002dac      0x16c ./Drivers/STM32F1xx_HAL_Driver/Src/stm32f1xx_hal_rcc_ex.o
                0x0000000008002dac                HAL_RCCEx_PeriphCLKConfig
 .text.HAL_TIM_Base_Init
                0x0000000008002f18       0x9e ./Drivers/STM32F1xx_HAL_Driver/Src/stm32f1xx_hal_tim.o
                0x0000000008002f18                HAL_TIM_Base_Init
 *fill*         0x0000000008002fb6        0x2 
 .text.HAL_TIM_Base_Start
                0x0000000008002fb8       0x94 ./Drivers/STM32F1xx_HAL_Driver/Src/stm32f1xx_hal_tim.o
                0x0000000008002fb8                HAL_TIM_Base_Start
 .text.HAL_TIM_PWM_Init
                0x000000000800304c       0x9e ./Drivers/STM32F1xx_HAL_Driver/Src/stm32f1xx_hal_tim.o
                0x000000000800304c                HAL_TIM_PWM_Init
 .text.HAL_TIM_PWM_MspInit
                0x00000000080030ea       0x12 ./Drivers/STM32F1xx_HAL_Driver/Src/stm32f1xx_hal_tim.o
                0x00000000080030ea                HAL_TIM_PWM_MspInit
 .text.HAL_TIM_PWM_Start
                0x00000000080030fc      0x144 ./Drivers/STM32F1xx_HAL_Driver/Src/stm32f1xx_hal_tim.o
                0x00000000080030fc                HAL_TIM_PWM_Start
 .text.HAL_TIM_IRQHandler
                0x0000000008003240      0x210 ./Drivers/STM32F1xx_HAL_Driver/Src/stm32f1xx_hal_tim.o
                0x0000000008003240                HAL_TIM_IRQHandler
 .text.HAL_TIM_PWM_ConfigChannel
                0x0000000008003450      0x17c ./Drivers/STM32F1xx_HAL_Driver/Src/stm32f1xx_hal_tim.o
                0x0000000008003450                HAL_TIM_PWM_ConfigChannel
 .text.HAL_TIM_ConfigClockSource
                0x00000000080035cc      0x188 ./Drivers/STM32F1xx_HAL_Driver/Src/stm32f1xx_hal_tim.o
                0x00000000080035cc                HAL_TIM_ConfigClockSource
 .text.HAL_TIM_PeriodElapsedCallback
                0x0000000008003754       0x12 ./Drivers/STM32F1xx_HAL_Driver/Src/stm32f1xx_hal_tim.o
                0x0000000008003754                HAL_TIM_PeriodElapsedCallback
 .text.HAL_TIM_OC_DelayElapsedCallback
                0x0000000008003766       0x12 ./Drivers/STM32F1xx_HAL_Driver/Src/stm32f1xx_hal_tim.o
                0x0000000008003766                HAL_TIM_OC_DelayElapsedCallback
 .text.HAL_TIM_IC_CaptureCallback
                0x0000000008003778       0x12 ./Drivers/STM32F1xx_HAL_Driver/Src/stm32f1xx_hal_tim.o
                0x0000000008003778                HAL_TIM_IC_CaptureCallback
 .text.HAL_TIM_PWM_PulseFinishedCallback
                0x000000000800378a       0x12 ./Drivers/STM32F1xx_HAL_Driver/Src/stm32f1xx_hal_tim.o
                0x000000000800378a                HAL_TIM_PWM_PulseFinishedCallback
 .text.HAL_TIM_TriggerCallback
                0x000000000800379c       0x12 ./Drivers/STM32F1xx_HAL_Driver/Src/stm32f1xx_hal_tim.o
                0x000000000800379c                HAL_TIM_TriggerCallback
 *fill*         0x00000000080037ae        0x2 
 .text.TIM_Base_SetConfig
                0x00000000080037b0       0xc4 ./Drivers/STM32F1xx_HAL_Driver/Src/stm32f1xx_hal_tim.o
                0x00000000080037b0                TIM_Base_SetConfig
 .text.TIM_OC1_SetConfig
                0x0000000008003874       0xcc ./Drivers/STM32F1xx_HAL_Driver/Src/stm32f1xx_hal_tim.o
 .text.TIM_OC2_SetConfig
                0x0000000008003940       0xd4 ./Drivers/STM32F1xx_HAL_Driver/Src/stm32f1xx_hal_tim.o
                0x0000000008003940                TIM_OC2_SetConfig
 .text.TIM_OC3_SetConfig
                0x0000000008003a14       0xd4 ./Drivers/STM32F1xx_HAL_Driver/Src/stm32f1xx_hal_tim.o
 .text.TIM_OC4_SetConfig
                0x0000000008003ae8       0x9c ./Drivers/STM32F1xx_HAL_Driver/Src/stm32f1xx_hal_tim.o
 .text.TIM_TI1_ConfigInputStage
                0x0000000008003b84       0x5c ./Drivers/STM32F1xx_HAL_Driver/Src/stm32f1xx_hal_tim.o
 .text.TIM_TI2_ConfigInputStage
                0x0000000008003be0       0x5e ./Drivers/STM32F1xx_HAL_Driver/Src/stm32f1xx_hal_tim.o
 .text.TIM_ITRx_SetConfig
                0x0000000008003c3e       0x34 ./Drivers/STM32F1xx_HAL_Driver/Src/stm32f1xx_hal_tim.o
 .text.TIM_ETR_SetConfig
                0x0000000008003c72       0x3e ./Drivers/STM32F1xx_HAL_Driver/Src/stm32f1xx_hal_tim.o
                0x0000000008003c72                TIM_ETR_SetConfig
 .text.TIM_CCxChannelCmd
                0x0000000008003cb0       0x48 ./Drivers/STM32F1xx_HAL_Driver/Src/stm32f1xx_hal_tim.o
                0x0000000008003cb0                TIM_CCxChannelCmd
 .text.HAL_TIMEx_MasterConfigSynchronization
                0x0000000008003cf8       0xbc ./Drivers/STM32F1xx_HAL_Driver/Src/stm32f1xx_hal_tim_ex.o
                0x0000000008003cf8                HAL_TIMEx_MasterConfigSynchronization
 .text.HAL_TIMEx_ConfigBreakDeadTime
                0x0000000008003db4       0xa2 ./Drivers/STM32F1xx_HAL_Driver/Src/stm32f1xx_hal_tim_ex.o
                0x0000000008003db4                HAL_TIMEx_ConfigBreakDeadTime
 .text.HAL_TIMEx_CommutCallback
                0x0000000008003e56       0x12 ./Drivers/STM32F1xx_HAL_Driver/Src/stm32f1xx_hal_tim_ex.o
                0x0000000008003e56                HAL_TIMEx_CommutCallback
 .text.HAL_TIMEx_BreakCallback
                0x0000000008003e68       0x12 ./Drivers/STM32F1xx_HAL_Driver/Src/stm32f1xx_hal_tim_ex.o
                0x0000000008003e68                HAL_TIMEx_BreakCallback
 *fill*         0x0000000008003e7a        0x2 
 .text.__libc_init_array
                0x0000000008003e7c       0x48 c:/st/stm32cubeide_1.7.0/stm32cubeide/plugins/com.st.stm32cube.ide.mcu.externaltools.gnu-tools-for-stm32.9-2020-q2-update.win32_2.0.0.202105311346/tools/bin/../lib/gcc/arm-none-eabi/9.3.1/../../../../arm-none-eabi/lib/thumb/v7-m/nofp\libc_nano.a(lib_a-init.o)
                0x0000000008003e7c                __libc_init_array
 .text.memset   0x0000000008003ec4       0x10 c:/st/stm32cubeide_1.7.0/stm32cubeide/plugins/com.st.stm32cube.ide.mcu.externaltools.gnu-tools-for-stm32.9-2020-q2-update.win32_2.0.0.202105311346/tools/bin/../lib/gcc/arm-none-eabi/9.3.1/../../../../arm-none-eabi/lib/thumb/v7-m/nofp\libc_nano.a(lib_a-memset.o)
                0x0000000008003ec4                memset
 *(.glue_7)
 .glue_7        0x0000000008003ed4        0x0 linker stubs
 *(.glue_7t)
 .glue_7t       0x0000000008003ed4        0x0 linker stubs
 *(.eh_frame)
 .eh_frame      0x0000000008003ed4        0x0 c:/st/stm32cubeide_1.7.0/stm32cubeide/plugins/com.st.stm32cube.ide.mcu.externaltools.gnu-tools-for-stm32.9-2020-q2-update.win32_2.0.0.202105311346/tools/bin/../lib/gcc/arm-none-eabi/9.3.1/thumb/v7-m/nofp/crtbegin.o
 *(.init)
 .init          0x0000000008003ed4        0x4 c:/st/stm32cubeide_1.7.0/stm32cubeide/plugins/com.st.stm32cube.ide.mcu.externaltools.gnu-tools-for-stm32.9-2020-q2-update.win32_2.0.0.202105311346/tools/bin/../lib/gcc/arm-none-eabi/9.3.1/thumb/v7-m/nofp/crti.o
                0x0000000008003ed4                _init
 .init          0x0000000008003ed8        0x8 c:/st/stm32cubeide_1.7.0/stm32cubeide/plugins/com.st.stm32cube.ide.mcu.externaltools.gnu-tools-for-stm32.9-2020-q2-update.win32_2.0.0.202105311346/tools/bin/../lib/gcc/arm-none-eabi/9.3.1/thumb/v7-m/nofp/crtn.o
 *(.fini)
 .fini          0x0000000008003ee0        0x4 c:/st/stm32cubeide_1.7.0/stm32cubeide/plugins/com.st.stm32cube.ide.mcu.externaltools.gnu-tools-for-stm32.9-2020-q2-update.win32_2.0.0.202105311346/tools/bin/../lib/gcc/arm-none-eabi/9.3.1/thumb/v7-m/nofp/crti.o
                0x0000000008003ee0                _fini
 .fini          0x0000000008003ee4        0x8 c:/st/stm32cubeide_1.7.0/stm32cubeide/plugins/com.st.stm32cube.ide.mcu.externaltools.gnu-tools-for-stm32.9-2020-q2-update.win32_2.0.0.202105311346/tools/bin/../lib/gcc/arm-none-eabi/9.3.1/thumb/v7-m/nofp/crtn.o
                0x0000000008003eec                . = ALIGN (0x4)
                0x0000000008003eec                _etext = .

.vfp11_veneer   0x0000000008003eec        0x0
 .vfp11_veneer  0x0000000008003eec        0x0 linker stubs

.v4_bx          0x0000000008003eec        0x0
 .v4_bx         0x0000000008003eec        0x0 linker stubs

.iplt           0x0000000008003eec        0x0
 .iplt          0x0000000008003eec        0x0 c:/st/stm32cubeide_1.7.0/stm32cubeide/plugins/com.st.stm32cube.ide.mcu.externaltools.gnu-tools-for-stm32.9-2020-q2-update.win32_2.0.0.202105311346/tools/bin/../lib/gcc/arm-none-eabi/9.3.1/thumb/v7-m/nofp/crtbegin.o

.rodata         0x0000000008003eec       0x20
                0x0000000008003eec                . = ALIGN (0x4)
 *(.rodata)
 .rodata        0x0000000008003eec       0x10 ./Drivers/STM32F1xx_HAL_Driver/Src/stm32f1xx_hal_rcc.o
 *(.rodata*)
 .rodata.AHBPrescTable
                0x0000000008003efc       0x10 ./Core/Src/system_stm32f1xx.o
                0x0000000008003efc                AHBPrescTable
                0x0000000008003f0c                . = ALIGN (0x4)

.rel.dyn        0x0000000008003f0c        0x0
 .rel.iplt      0x0000000008003f0c        0x0 c:/st/stm32cubeide_1.7.0/stm32cubeide/plugins/com.st.stm32cube.ide.mcu.externaltools.gnu-tools-for-stm32.9-2020-q2-update.win32_2.0.0.202105311346/tools/bin/../lib/gcc/arm-none-eabi/9.3.1/thumb/v7-m/nofp/crtbegin.o

.ARM.extab      0x0000000008003f0c        0x0
                0x0000000008003f0c                . = ALIGN (0x4)
 *(.ARM.extab* .gnu.linkonce.armextab.*)
                0x0000000008003f0c                . = ALIGN (0x4)

.ARM            0x0000000008003f0c        0x0
                0x0000000008003f0c                . = ALIGN (0x4)
                0x0000000008003f0c                __exidx_start = .
 *(.ARM.exidx*)
                0x0000000008003f0c                __exidx_end = .
                0x0000000008003f0c                . = ALIGN (0x4)

.preinit_array  0x0000000008003f0c        0x0
                0x0000000008003f0c                . = ALIGN (0x4)
                0x0000000008003f0c                PROVIDE (__preinit_array_start = .)
 *(.preinit_array*)
                0x0000000008003f0c                PROVIDE (__preinit_array_end = .)
                0x0000000008003f0c                . = ALIGN (0x4)

.init_array     0x0000000008003f0c        0x4
                0x0000000008003f0c                . = ALIGN (0x4)
                0x0000000008003f0c                PROVIDE (__init_array_start = .)
 *(SORT_BY_NAME(.init_array.*))
 *(.init_array*)
 .init_array    0x0000000008003f0c        0x4 c:/st/stm32cubeide_1.7.0/stm32cubeide/plugins/com.st.stm32cube.ide.mcu.externaltools.gnu-tools-for-stm32.9-2020-q2-update.win32_2.0.0.202105311346/tools/bin/../lib/gcc/arm-none-eabi/9.3.1/thumb/v7-m/nofp/crtbegin.o
                0x0000000008003f10                PROVIDE (__init_array_end = .)
                0x0000000008003f10                . = ALIGN (0x4)

.fini_array     0x0000000008003f10        0x4
                0x0000000008003f10                . = ALIGN (0x4)
                [!provide]                        PROVIDE (__fini_array_start = .)
 *(SORT_BY_NAME(.fini_array.*))
 *(.fini_array*)
 .fini_array    0x0000000008003f10        0x4 c:/st/stm32cubeide_1.7.0/stm32cubeide/plugins/com.st.stm32cube.ide.mcu.externaltools.gnu-tools-for-stm32.9-2020-q2-update.win32_2.0.0.202105311346/tools/bin/../lib/gcc/arm-none-eabi/9.3.1/thumb/v7-m/nofp/crtbegin.o
                [!provide]                        PROVIDE (__fini_array_end = .)
                0x0000000008003f14                . = ALIGN (0x4)
                0x0000000008003f14                _sidata = LOADADDR (.data)

.data           0x0000000020000000       0x10 load address 0x0000000008003f14
                0x0000000020000000                . = ALIGN (0x4)
                0x0000000020000000                _sdata = .
 *(.data)
 *(.data*)
 .data.turnDirection
                0x0000000020000000        0x4 ./Core/Src/app3.o
                0x0000000020000000                turnDirection
 .data.SystemCoreClock
                0x0000000020000004        0x4 ./Core/Src/system_stm32f1xx.o
                0x0000000020000004                SystemCoreClock
 .data.uwTickPrio
                0x0000000020000008        0x4 ./Drivers/STM32F1xx_HAL_Driver/Src/stm32f1xx_hal.o
                0x0000000020000008                uwTickPrio
 .data.uwTickFreq
                0x000000002000000c        0x1 ./Drivers/STM32F1xx_HAL_Driver/Src/stm32f1xx_hal.o
                0x000000002000000c                uwTickFreq
 *(.RamFunc)
 *(.RamFunc*)
                0x0000000020000010                . = ALIGN (0x4)
 *fill*         0x000000002000000d        0x3 
                0x0000000020000010                _edata = .

.igot.plt       0x0000000020000010        0x0 load address 0x0000000008003f24
 .igot.plt      0x0000000020000010        0x0 c:/st/stm32cubeide_1.7.0/stm32cubeide/plugins/com.st.stm32cube.ide.mcu.externaltools.gnu-tools-for-stm32.9-2020-q2-update.win32_2.0.0.202105311346/tools/bin/../lib/gcc/arm-none-eabi/9.3.1/thumb/v7-m/nofp/crtbegin.o
                0x0000000020000010                . = ALIGN (0x4)

.bss            0x0000000020000010      0x1c8 load address 0x0000000008003f24
                0x0000000020000010                _sbss = .
                0x0000000020000010                __bss_start__ = _sbss
 *(.bss)
 .bss           0x0000000020000010       0x1c c:/st/stm32cubeide_1.7.0/stm32cubeide/plugins/com.st.stm32cube.ide.mcu.externaltools.gnu-tools-for-stm32.9-2020-q2-update.win32_2.0.0.202105311346/tools/bin/../lib/gcc/arm-none-eabi/9.3.1/thumb/v7-m/nofp/crtbegin.o
 *(.bss*)
 .bss.adc_data_sum.6814
                0x000000002000002c       0x18 ./Core/Src/adc.o
 .bss.num_conv.6815
                0x0000000020000044        0x4 ./Core/Src/adc.o
 .bss.conta     0x0000000020000048        0x4 ./Core/Src/app3.o
 .bss.flipLeft  0x000000002000004c        0x1 ./Core/Src/motor3.o
 .bss.flipRight
                0x000000002000004d        0x1 ./Core/Src/motor3.o
 .bss.initialized.7138
                0x000000002000004e        0x1 ./Core/Src/motor3.o
 *(COMMON)
 *fill*         0x000000002000004f        0x1 
 COMMON         0x0000000020000050       0x28 ./Core/Src/adc.o
                0x0000000020000050                adc_data_avg
                0x0000000020000068                distance
                0x000000002000006c                adc_data
 COMMON         0x0000000020000078       0x9d ./Core/Src/app3.o
                0x0000000020000078                executandoComandos
                0x000000002000007c                leftSpeed
                0x00000000200000a4                commandDuration
                0x00000000200000cc                oponenteDetectado_dir
                0x00000000200000d0                numberOfCommands
                0x00000000200000d4                estado
                0x00000000200000d5                ligar
                0x00000000200000d6                oponenteDetectado
                0x00000000200000d7                state
                0x00000000200000d8                detectado_oponente
                0x00000000200000dc                commandIndex
                0x00000000200000e0                nextCommand
                0x00000000200000e4                rightSpeed
                0x000000002000010c                bordaDetectada
                0x0000000020000110                startTime
                0x0000000020000114                oponenteDetectado_esq
 *fill*         0x0000000020000115        0x3 
 COMMON         0x0000000020000118       0xbc ./Core/Src/main.o
                0x0000000020000118                hadc1
                0x0000000020000148                hdma_adc1
                0x000000002000018c                htim1
 COMMON         0x00000000200001d4        0x4 ./Drivers/STM32F1xx_HAL_Driver/Src/stm32f1xx_hal.o
                0x00000000200001d4                uwTick
                0x00000000200001d8                . = ALIGN (0x4)
                0x00000000200001d8                _ebss = .
                0x00000000200001d8                __bss_end__ = _ebss

._user_heap_stack
                0x00000000200001d8      0x600 load address 0x0000000008003f24
                0x00000000200001d8                . = ALIGN (0x8)
                [!provide]                        PROVIDE (end = .)
                0x00000000200001d8                PROVIDE (_end = .)
                0x00000000200003d8                . = (. + _Min_Heap_Size)
 *fill*         0x00000000200001d8      0x200 
                0x00000000200007d8                . = (. + _Min_Stack_Size)
 *fill*         0x00000000200003d8      0x400 
                0x00000000200007d8                . = ALIGN (0x8)

/DISCARD/
 libc.a(*)
 libm.a(*)
 libgcc.a(*)

.ARM.attributes
                0x0000000000000000       0x29
 *(.ARM.attributes)
 .ARM.attributes
                0x0000000000000000       0x1d c:/st/stm32cubeide_1.7.0/stm32cubeide/plugins/com.st.stm32cube.ide.mcu.externaltools.gnu-tools-for-stm32.9-2020-q2-update.win32_2.0.0.202105311346/tools/bin/../lib/gcc/arm-none-eabi/9.3.1/thumb/v7-m/nofp/crti.o
 .ARM.attributes
                0x000000000000001d       0x2d c:/st/stm32cubeide_1.7.0/stm32cubeide/plugins/com.st.stm32cube.ide.mcu.externaltools.gnu-tools-for-stm32.9-2020-q2-update.win32_2.0.0.202105311346/tools/bin/../lib/gcc/arm-none-eabi/9.3.1/thumb/v7-m/nofp/crtbegin.o
 .ARM.attributes
                0x000000000000004a       0x2d ./Core/Src/adc.o
 .ARM.attributes
                0x0000000000000077       0x2d ./Core/Src/app3.o
 .ARM.attributes
                0x00000000000000a4       0x2d ./Core/Src/main.o
 .ARM.attributes
                0x00000000000000d1       0x2d ./Core/Src/motor3.o
 .ARM.attributes
                0x00000000000000fe       0x2d ./Core/Src/stm32f1xx_hal_msp.o
 .ARM.attributes
                0x000000000000012b       0x2d ./Core/Src/stm32f1xx_it.o
 .ARM.attributes
                0x0000000000000158       0x2d ./Core/Src/system_stm32f1xx.o
 .ARM.attributes
                0x0000000000000185       0x2d ./Core/Src/test.o
 .ARM.attributes
                0x00000000000001b2       0x21 ./Core/Startup/startup_stm32f103c8tx.o
 .ARM.attributes
                0x00000000000001d3       0x2d ./Drivers/STM32F1xx_HAL_Driver/Src/stm32f1xx_hal.o
 .ARM.attributes
                0x0000000000000200       0x2d ./Drivers/STM32F1xx_HAL_Driver/Src/stm32f1xx_hal_adc.o
 .ARM.attributes
                0x000000000000022d       0x2d ./Drivers/STM32F1xx_HAL_Driver/Src/stm32f1xx_hal_adc_ex.o
 .ARM.attributes
                0x000000000000025a       0x2d ./Drivers/STM32F1xx_HAL_Driver/Src/stm32f1xx_hal_cortex.o
 .ARM.attributes
                0x0000000000000287       0x2d ./Drivers/STM32F1xx_HAL_Driver/Src/stm32f1xx_hal_dma.o
 .ARM.attributes
                0x00000000000002b4       0x2d ./Drivers/STM32F1xx_HAL_Driver/Src/stm32f1xx_hal_gpio.o
 .ARM.attributes
                0x00000000000002e1       0x2d ./Drivers/STM32F1xx_HAL_Driver/Src/stm32f1xx_hal_rcc.o
 .ARM.attributes
                0x000000000000030e       0x2d ./Drivers/STM32F1xx_HAL_Driver/Src/stm32f1xx_hal_rcc_ex.o
 .ARM.attributes
                0x000000000000033b       0x2d ./Drivers/STM32F1xx_HAL_Driver/Src/stm32f1xx_hal_tim.o
 .ARM.attributes
                0x0000000000000368       0x2d ./Drivers/STM32F1xx_HAL_Driver/Src/stm32f1xx_hal_tim_ex.o
 .ARM.attributes
                0x0000000000000395       0x2d c:/st/stm32cubeide_1.7.0/stm32cubeide/plugins/com.st.stm32cube.ide.mcu.externaltools.gnu-tools-for-stm32.9-2020-q2-update.win32_2.0.0.202105311346/tools/bin/../lib/gcc/arm-none-eabi/9.3.1/../../../../arm-none-eabi/lib/thumb/v7-m/nofp\libc_nano.a(lib_a-init.o)
 .ARM.attributes
                0x00000000000003c2       0x2d c:/st/stm32cubeide_1.7.0/stm32cubeide/plugins/com.st.stm32cube.ide.mcu.externaltools.gnu-tools-for-stm32.9-2020-q2-update.win32_2.0.0.202105311346/tools/bin/../lib/gcc/arm-none-eabi/9.3.1/../../../../arm-none-eabi/lib/thumb/v7-m/nofp\libc_nano.a(lib_a-memset.o)
 .ARM.attributes
                0x00000000000003ef       0x1d c:/st/stm32cubeide_1.7.0/stm32cubeide/plugins/com.st.stm32cube.ide.mcu.externaltools.gnu-tools-for-stm32.9-2020-q2-update.win32_2.0.0.202105311346/tools/bin/../lib/gcc/arm-none-eabi/9.3.1/thumb/v7-m/nofp/crtn.o
OUTPUT(Sumo_robot_oficial.elf elf32-littlearm)
LOAD linker stubs
LOAD c:/st/stm32cubeide_1.7.0/stm32cubeide/plugins/com.st.stm32cube.ide.mcu.externaltools.gnu-tools-for-stm32.9-2020-q2-update.win32_2.0.0.202105311346/tools/bin/../lib/gcc/arm-none-eabi/9.3.1/../../../../arm-none-eabi/lib/thumb/v7-m/nofp\libc.a
LOAD c:/st/stm32cubeide_1.7.0/stm32cubeide/plugins/com.st.stm32cube.ide.mcu.externaltools.gnu-tools-for-stm32.9-2020-q2-update.win32_2.0.0.202105311346/tools/bin/../lib/gcc/arm-none-eabi/9.3.1/../../../../arm-none-eabi/lib/thumb/v7-m/nofp\libm.a
LOAD c:/st/stm32cubeide_1.7.0/stm32cubeide/plugins/com.st.stm32cube.ide.mcu.externaltools.gnu-tools-for-stm32.9-2020-q2-update.win32_2.0.0.202105311346/tools/bin/../lib/gcc/arm-none-eabi/9.3.1/thumb/v7-m/nofp\libgcc.a

.debug_info     0x0000000000000000     0xe3f8
 .debug_info    0x0000000000000000      0xfcb ./Core/Src/adc.o
 .debug_info    0x0000000000000fcb      0x513 ./Core/Src/app3.o
 .debug_info    0x00000000000014de     0x1120 ./Core/Src/main.o
 .debug_info    0x00000000000025fe     0x1160 ./Core/Src/motor3.o
 .debug_info    0x000000000000375e      0xe51 ./Core/Src/stm32f1xx_hal_msp.o
 .debug_info    0x00000000000045af      0xa71 ./Core/Src/stm32f1xx_it.o
 .debug_info    0x0000000000005020      0x2be ./Core/Src/system_stm32f1xx.o
 .debug_info    0x00000000000052de      0xa97 ./Core/Src/test.o
 .debug_info    0x0000000000005d75       0x22 ./Core/Startup/startup_stm32f103c8tx.o
 .debug_info    0x0000000000005d97      0x76a ./Drivers/STM32F1xx_HAL_Driver/Src/stm32f1xx_hal.o
 .debug_info    0x0000000000006501      0xd2d ./Drivers/STM32F1xx_HAL_Driver/Src/stm32f1xx_hal_adc.o
 .debug_info    0x000000000000722e      0xaa7 ./Drivers/STM32F1xx_HAL_Driver/Src/stm32f1xx_hal_adc_ex.o
 .debug_info    0x0000000000007cd5      0xbdc ./Drivers/STM32F1xx_HAL_Driver/Src/stm32f1xx_hal_cortex.o
 .debug_info    0x00000000000088b1      0x81e ./Drivers/STM32F1xx_HAL_Driver/Src/stm32f1xx_hal_dma.o
 .debug_info    0x00000000000090cf      0x701 ./Drivers/STM32F1xx_HAL_Driver/Src/stm32f1xx_hal_gpio.o
 .debug_info    0x00000000000097d0      0x88e ./Drivers/STM32F1xx_HAL_Driver/Src/stm32f1xx_hal_rcc.o
 .debug_info    0x000000000000a05e      0x480 ./Drivers/STM32F1xx_HAL_Driver/Src/stm32f1xx_hal_rcc_ex.o
 .debug_info    0x000000000000a4de     0x2a45 ./Drivers/STM32F1xx_HAL_Driver/Src/stm32f1xx_hal_tim.o
 .debug_info    0x000000000000cf23     0x14d5 ./Drivers/STM32F1xx_HAL_Driver/Src/stm32f1xx_hal_tim_ex.o

.debug_abbrev   0x0000000000000000     0x256a
 .debug_abbrev  0x0000000000000000      0x262 ./Core/Src/adc.o
 .debug_abbrev  0x0000000000000262      0x1c4 ./Core/Src/app3.o
 .debug_abbrev  0x0000000000000426      0x24f ./Core/Src/main.o
 .debug_abbrev  0x0000000000000675      0x245 ./Core/Src/motor3.o
 .debug_abbrev  0x00000000000008ba      0x1c8 ./Core/Src/stm32f1xx_hal_msp.o
 .debug_abbrev  0x0000000000000a82      0x1a1 ./Core/Src/stm32f1xx_it.o
 .debug_abbrev  0x0000000000000c23      0x14e ./Core/Src/system_stm32f1xx.o
 .debug_abbrev  0x0000000000000d71      0x1f3 ./Core/Src/test.o
 .debug_abbrev  0x0000000000000f64       0x12 ./Core/Startup/startup_stm32f103c8tx.o
 .debug_abbrev  0x0000000000000f76      0x1ed ./Drivers/STM32F1xx_HAL_Driver/Src/stm32f1xx_hal.o
 .debug_abbrev  0x0000000000001163      0x1fb ./Drivers/STM32F1xx_HAL_Driver/Src/stm32f1xx_hal_adc.o
 .debug_abbrev  0x000000000000135e      0x21f ./Drivers/STM32F1xx_HAL_Driver/Src/stm32f1xx_hal_adc_ex.o
 .debug_abbrev  0x000000000000157d      0x313 ./Drivers/STM32F1xx_HAL_Driver/Src/stm32f1xx_hal_cortex.o
 .debug_abbrev  0x0000000000001890      0x228 ./Drivers/STM32F1xx_HAL_Driver/Src/stm32f1xx_hal_dma.o
 .debug_abbrev  0x0000000000001ab8      0x1e8 ./Drivers/STM32F1xx_HAL_Driver/Src/stm32f1xx_hal_gpio.o
 .debug_abbrev  0x0000000000001ca0      0x273 ./Drivers/STM32F1xx_HAL_Driver/Src/stm32f1xx_hal_rcc.o
 .debug_abbrev  0x0000000000001f13      0x193 ./Drivers/STM32F1xx_HAL_Driver/Src/stm32f1xx_hal_rcc_ex.o
 .debug_abbrev  0x00000000000020a6      0x25e ./Drivers/STM32F1xx_HAL_Driver/Src/stm32f1xx_hal_tim.o
 .debug_abbrev  0x0000000000002304      0x266 ./Drivers/STM32F1xx_HAL_Driver/Src/stm32f1xx_hal_tim_ex.o

.debug_aranges  0x0000000000000000      0xcc8
 .debug_aranges
                0x0000000000000000       0x30 ./Core/Src/adc.o
 .debug_aranges
                0x0000000000000030       0x80 ./Core/Src/app3.o
 .debug_aranges
                0x00000000000000b0       0x50 ./Core/Src/main.o
 .debug_aranges
                0x0000000000000100       0x48 ./Core/Src/motor3.o
 .debug_aranges
                0x0000000000000148       0x48 ./Core/Src/stm32f1xx_hal_msp.o
 .debug_aranges
                0x0000000000000190       0x98 ./Core/Src/stm32f1xx_it.o
 .debug_aranges
                0x0000000000000228       0x28 ./Core/Src/system_stm32f1xx.o
 .debug_aranges
                0x0000000000000250       0x30 ./Core/Src/test.o
 .debug_aranges
                0x0000000000000280       0x28 ./Core/Startup/startup_stm32f103c8tx.o
 .debug_aranges
                0x00000000000002a8       0xe0 ./Drivers/STM32F1xx_HAL_Driver/Src/stm32f1xx_hal.o
 .debug_aranges
                0x0000000000000388       0xf0 ./Drivers/STM32F1xx_HAL_Driver/Src/stm32f1xx_hal_adc.o
 .debug_aranges
                0x0000000000000478       0x80 ./Drivers/STM32F1xx_HAL_Driver/Src/stm32f1xx_hal_adc_ex.o
 .debug_aranges
                0x00000000000004f8      0x100 ./Drivers/STM32F1xx_HAL_Driver/Src/stm32f1xx_hal_cortex.o
 .debug_aranges
                0x00000000000005f8       0x80 ./Drivers/STM32F1xx_HAL_Driver/Src/stm32f1xx_hal_dma.o
 .debug_aranges
                0x0000000000000678       0x58 ./Drivers/STM32F1xx_HAL_Driver/Src/stm32f1xx_hal_gpio.o
 .debug_aranges
                0x00000000000006d0       0x90 ./Drivers/STM32F1xx_HAL_Driver/Src/stm32f1xx_hal_rcc.o
 .debug_aranges
                0x0000000000000760       0x30 ./Drivers/STM32F1xx_HAL_Driver/Src/stm32f1xx_hal_rcc_ex.o
 .debug_aranges
                0x0000000000000790      0x3d0 ./Drivers/STM32F1xx_HAL_Driver/Src/stm32f1xx_hal_tim.o
 .debug_aranges
                0x0000000000000b60      0x168 ./Drivers/STM32F1xx_HAL_Driver/Src/stm32f1xx_hal_tim_ex.o

.debug_ranges   0x0000000000000000      0xba0
 .debug_ranges  0x0000000000000000       0x20 ./Core/Src/adc.o
 .debug_ranges  0x0000000000000020       0x70 ./Core/Src/app3.o
 .debug_ranges  0x0000000000000090       0x40 ./Core/Src/main.o
 .debug_ranges  0x00000000000000d0       0x38 ./Core/Src/motor3.o
 .debug_ranges  0x0000000000000108       0x38 ./Core/Src/stm32f1xx_hal_msp.o
 .debug_ranges  0x0000000000000140       0x88 ./Core/Src/stm32f1xx_it.o
 .debug_ranges  0x00000000000001c8       0x18 ./Core/Src/system_stm32f1xx.o
 .debug_ranges  0x00000000000001e0       0x20 ./Core/Src/test.o
 .debug_ranges  0x0000000000000200       0x20 ./Core/Startup/startup_stm32f103c8tx.o
 .debug_ranges  0x0000000000000220       0xd0 ./Drivers/STM32F1xx_HAL_Driver/Src/stm32f1xx_hal.o
 .debug_ranges  0x00000000000002f0       0xe0 ./Drivers/STM32F1xx_HAL_Driver/Src/stm32f1xx_hal_adc.o
 .debug_ranges  0x00000000000003d0       0x70 ./Drivers/STM32F1xx_HAL_Driver/Src/stm32f1xx_hal_adc_ex.o
 .debug_ranges  0x0000000000000440       0xf0 ./Drivers/STM32F1xx_HAL_Driver/Src/stm32f1xx_hal_cortex.o
 .debug_ranges  0x0000000000000530       0x70 ./Drivers/STM32F1xx_HAL_Driver/Src/stm32f1xx_hal_dma.o
 .debug_ranges  0x00000000000005a0       0x48 ./Drivers/STM32F1xx_HAL_Driver/Src/stm32f1xx_hal_gpio.o
 .debug_ranges  0x00000000000005e8       0x80 ./Drivers/STM32F1xx_HAL_Driver/Src/stm32f1xx_hal_rcc.o
 .debug_ranges  0x0000000000000668       0x20 ./Drivers/STM32F1xx_HAL_Driver/Src/stm32f1xx_hal_rcc_ex.o
 .debug_ranges  0x0000000000000688      0x3c0 ./Drivers/STM32F1xx_HAL_Driver/Src/stm32f1xx_hal_tim.o
 .debug_ranges  0x0000000000000a48      0x158 ./Drivers/STM32F1xx_HAL_Driver/Src/stm32f1xx_hal_tim_ex.o

.debug_macro    0x0000000000000000    0x18fe9
 .debug_macro   0x0000000000000000      0x27f ./Core/Src/adc.o
 .debug_macro   0x000000000000027f      0xa9c ./Core/Src/adc.o
 .debug_macro   0x0000000000000d1b       0x22 ./Core/Src/adc.o
 .debug_macro   0x0000000000000d3d       0x8e ./Core/Src/adc.o
 .debug_macro   0x0000000000000dcb       0x51 ./Core/Src/adc.o
 .debug_macro   0x0000000000000e1c      0x103 ./Core/Src/adc.o
 .debug_macro   0x0000000000000f1f       0x6a ./Core/Src/adc.o
 .debug_macro   0x0000000000000f89      0x1df ./Core/Src/adc.o
 .debug_macro   0x0000000000001168       0x22 ./Core/Src/adc.o
 .debug_macro   0x000000000000118a       0x52 ./Core/Src/adc.o
 .debug_macro   0x00000000000011dc       0x18 ./Core/Src/adc.o
 .debug_macro   0x00000000000011f4       0x3c ./Core/Src/adc.o
 .debug_macro   0x0000000000001230       0x34 ./Core/Src/adc.o
 .debug_macro   0x0000000000001264      0x174 ./Core/Src/adc.o
 .debug_macro   0x00000000000013d8       0x16 ./Core/Src/adc.o
 .debug_macro   0x00000000000013ee       0x43 ./Core/Src/adc.o
 .debug_macro   0x0000000000001431       0x34 ./Core/Src/adc.o
 .debug_macro   0x0000000000001465       0x10 ./Core/Src/adc.o
 .debug_macro   0x0000000000001475       0x58 ./Core/Src/adc.o
 .debug_macro   0x00000000000014cd       0x71 ./Core/Src/adc.o
 .debug_macro   0x000000000000153e       0x1c ./Core/Src/adc.o
 .debug_macro   0x000000000000155a      0x12a ./Core/Src/adc.o
 .debug_macro   0x0000000000001684      0x339 ./Core/Src/adc.o
 .debug_macro   0x00000000000019bd      0x1a9 ./Core/Src/adc.o
 .debug_macro   0x0000000000001b66      0x221 ./Core/Src/adc.o
 .debug_macro   0x0000000000001d87       0x2e ./Core/Src/adc.o
 .debug_macro   0x0000000000001db5       0x22 ./Core/Src/adc.o
 .debug_macro   0x0000000000001dd7       0x1c ./Core/Src/adc.o
 .debug_macro   0x0000000000001df3       0x22 ./Core/Src/adc.o
 .debug_macro   0x0000000000001e15       0xbd ./Core/Src/adc.o
 .debug_macro   0x0000000000001ed2      0xd23 ./Core/Src/adc.o
 .debug_macro   0x0000000000002bf5     0xe09e ./Core/Src/adc.o
 .debug_macro   0x0000000000010c93       0x6d ./Core/Src/adc.o
 .debug_macro   0x0000000000010d00     0x3468 ./Core/Src/adc.o
 .debug_macro   0x0000000000014168       0x56 ./Core/Src/adc.o
 .debug_macro   0x00000000000141be      0x5be ./Core/Src/adc.o
 .debug_macro   0x000000000001477c      0x289 ./Core/Src/adc.o
 .debug_macro   0x0000000000014a05      0x1cb ./Core/Src/adc.o
 .debug_macro   0x0000000000014bd0      0x114 ./Core/Src/adc.o
 .debug_macro   0x0000000000014ce4      0x1b2 ./Core/Src/adc.o
 .debug_macro   0x0000000000014e96       0x27 ./Core/Src/adc.o
 .debug_macro   0x0000000000014ebd      0x136 ./Core/Src/adc.o
 .debug_macro   0x0000000000014ff3      0x1bc ./Core/Src/adc.o
 .debug_macro   0x00000000000151af       0x34 ./Core/Src/adc.o
 .debug_macro   0x00000000000151e3       0x3c ./Core/Src/adc.o
 .debug_macro   0x000000000001521f       0x57 ./Core/Src/adc.o
 .debug_macro   0x0000000000015276      0x46a ./Core/Src/adc.o
 .debug_macro   0x00000000000156e0      0x1b5 ./Core/Src/adc.o
 .debug_macro   0x0000000000015895       0x88 ./Core/Src/adc.o
 .debug_macro   0x000000000001591d      0x241 ./Core/Src/adc.o
 .debug_macro   0x0000000000015b5e      0x141 ./Core/Src/adc.o
 .debug_macro   0x0000000000015c9f      0x8d1 ./Core/Src/adc.o
 .debug_macro   0x0000000000016570       0x83 ./Core/Src/adc.o
 .debug_macro   0x00000000000165f3       0xd6 ./Core/Src/adc.o
 .debug_macro   0x00000000000166c9       0x10 ./Core/Src/adc.o
 .debug_macro   0x00000000000166d9      0x248 ./Core/Src/app3.o
 .debug_macro   0x0000000000016921       0xc3 ./Core/Src/app3.o
 .debug_macro   0x00000000000169e4       0x5c ./Core/Src/app3.o
 .debug_macro   0x0000000000016a40      0x1e2 ./Core/Src/main.o
 .debug_macro   0x0000000000016c22      0x36a ./Core/Src/motor3.o
 .debug_macro   0x0000000000016f8c       0x4c ./Core/Src/motor3.o
 .debug_macro   0x0000000000016fd8       0x94 ./Core/Src/motor3.o
 .debug_macro   0x000000000001706c       0x16 ./Core/Src/motor3.o
 .debug_macro   0x0000000000017082       0x57 ./Core/Src/motor3.o
 .debug_macro   0x00000000000170d9       0x97 ./Core/Src/motor3.o
 .debug_macro   0x0000000000017170       0xfd ./Core/Src/motor3.o
 .debug_macro   0x000000000001726d       0x10 ./Core/Src/motor3.o
 .debug_macro   0x000000000001727d       0x10 ./Core/Src/motor3.o
 .debug_macro   0x000000000001728d       0x1c ./Core/Src/motor3.o
 .debug_macro   0x00000000000172a9       0x52 ./Core/Src/motor3.o
 .debug_macro   0x00000000000172fb       0x22 ./Core/Src/motor3.o
 .debug_macro   0x000000000001731d       0x10 ./Core/Src/motor3.o
 .debug_macro   0x000000000001732d       0x40 ./Core/Src/motor3.o
 .debug_macro   0x000000000001736d       0xd5 ./Core/Src/motor3.o
 .debug_macro   0x0000000000017442       0x1c ./Core/Src/motor3.o
 .debug_macro   0x000000000001745e       0x3d ./Core/Src/motor3.o
 .debug_macro   0x000000000001749b       0x16 ./Core/Src/motor3.o
 .debug_macro   0x00000000000174b1      0x145 ./Core/Src/motor3.o
 .debug_macro   0x00000000000175f6      0x1bc ./Core/Src/stm32f1xx_hal_msp.o
 .debug_macro   0x00000000000177b2      0x1c6 ./Core/Src/stm32f1xx_it.o
 .debug_macro   0x0000000000017978      0x1ad ./Core/Src/system_stm32f1xx.o
 .debug_macro   0x0000000000017b25      0x331 ./Core/Src/test.o
 .debug_macro   0x0000000000017e56      0x1d1 ./Drivers/STM32F1xx_HAL_Driver/Src/stm32f1xx_hal.o
 .debug_macro   0x0000000000018027      0x1ca ./Drivers/STM32F1xx_HAL_Driver/Src/stm32f1xx_hal_adc.o
 .debug_macro   0x00000000000181f1      0x1bf ./Drivers/STM32F1xx_HAL_Driver/Src/stm32f1xx_hal_adc_ex.o
 .debug_macro   0x00000000000183b0      0x1ad ./Drivers/STM32F1xx_HAL_Driver/Src/stm32f1xx_hal_cortex.o
 .debug_macro   0x000000000001855d      0x1ad ./Drivers/STM32F1xx_HAL_Driver/Src/stm32f1xx_hal_dma.o
 .debug_macro   0x000000000001870a      0x218 ./Drivers/STM32F1xx_HAL_Driver/Src/stm32f1xx_hal_gpio.o
 .debug_macro   0x0000000000018922      0x1bf ./Drivers/STM32F1xx_HAL_Driver/Src/stm32f1xx_hal_rcc.o
 .debug_macro   0x0000000000018ae1      0x1ad ./Drivers/STM32F1xx_HAL_Driver/Src/stm32f1xx_hal_rcc_ex.o
 .debug_macro   0x0000000000018c8e      0x1ae ./Drivers/STM32F1xx_HAL_Driver/Src/stm32f1xx_hal_tim.o
 .debug_macro   0x0000000000018e3c      0x1ad ./Drivers/STM32F1xx_HAL_Driver/Src/stm32f1xx_hal_tim_ex.o

.debug_line     0x0000000000000000     0xef00
 .debug_line    0x0000000000000000      0x87c ./Core/Src/adc.o
 .debug_line    0x000000000000087c      0xa74 ./Core/Src/app3.o
 .debug_line    0x00000000000012f0      0x8ec ./Core/Src/main.o
 .debug_line    0x0000000000001bdc      0x977 ./Core/Src/motor3.o
 .debug_line    0x0000000000002553      0x781 ./Core/Src/stm32f1xx_hal_msp.o
 .debug_line    0x0000000000002cd4      0x800 ./Core/Src/stm32f1xx_it.o
 .debug_line    0x00000000000034d4      0x714 ./Core/Src/system_stm32f1xx.o
 .debug_line    0x0000000000003be8      0x8c9 ./Core/Src/test.o
 .debug_line    0x00000000000044b1       0x87 ./Core/Startup/startup_stm32f103c8tx.o
 .debug_line    0x0000000000004538      0x941 ./Drivers/STM32F1xx_HAL_Driver/Src/stm32f1xx_hal.o
 .debug_line    0x0000000000004e79      0xfb8 ./Drivers/STM32F1xx_HAL_Driver/Src/stm32f1xx_hal_adc.o
 .debug_line    0x0000000000005e31      0xd06 ./Drivers/STM32F1xx_HAL_Driver/Src/stm32f1xx_hal_adc_ex.o
 .debug_line    0x0000000000006b37      0xb29 ./Drivers/STM32F1xx_HAL_Driver/Src/stm32f1xx_hal_cortex.o
 .debug_line    0x0000000000007660      0xd99 ./Drivers/STM32F1xx_HAL_Driver/Src/stm32f1xx_hal_dma.o
 .debug_line    0x00000000000083f9      0x9d8 ./Drivers/STM32F1xx_HAL_Driver/Src/stm32f1xx_hal_gpio.o
 .debug_line    0x0000000000008dd1      0xd4f ./Drivers/STM32F1xx_HAL_Driver/Src/stm32f1xx_hal_rcc.o
 .debug_line    0x0000000000009b20      0x88d ./Drivers/STM32F1xx_HAL_Driver/Src/stm32f1xx_hal_rcc_ex.o
 .debug_line    0x000000000000a3ad     0x32ea ./Drivers/STM32F1xx_HAL_Driver/Src/stm32f1xx_hal_tim.o
 .debug_line    0x000000000000d697     0x1869 ./Drivers/STM32F1xx_HAL_Driver/Src/stm32f1xx_hal_tim_ex.o

.debug_str      0x0000000000000000    0x8e4c4
 .debug_str     0x0000000000000000    0x89e3e ./Core/Src/adc.o
                                      0x8a2e4 (size before relaxing)
 .debug_str     0x0000000000089e3e      0x390 ./Core/Src/app3.o
                                      0x86921 (size before relaxing)
 .debug_str     0x000000000008a1ce      0x90d ./Core/Src/main.o
                                      0x87303 (size before relaxing)
 .debug_str     0x000000000008aadb     0x1100 ./Core/Src/motor3.o
                                      0x8acfe (size before relaxing)
 .debug_str     0x000000000008bbdb       0xcb ./Core/Src/stm32f1xx_hal_msp.o
                                      0x86f5e (size before relaxing)
 .debug_str     0x000000000008bca6       0xfc ./Core/Src/stm32f1xx_it.o
                                      0x86c63 (size before relaxing)
 .debug_str     0x000000000008bda2       0x52 ./Core/Src/system_stm32f1xx.o
                                      0x8629d (size before relaxing)
 .debug_str     0x000000000008bdf4       0x47 ./Core/Src/test.o
                                      0x8a699 (size before relaxing)
 .debug_str     0x000000000008be3b       0x36 ./Core/Startup/startup_stm32f103c8tx.o
                                         0x7f (size before relaxing)
 .debug_str     0x000000000008be71      0x304 ./Drivers/STM32F1xx_HAL_Driver/Src/stm32f1xx_hal.o
                                      0x8692e (size before relaxing)
 .debug_str     0x000000000008c175      0x346 ./Drivers/STM32F1xx_HAL_Driver/Src/stm32f1xx_hal_adc.o
                                      0x8692d (size before relaxing)
 .debug_str     0x000000000008c4bb      0x2fb ./Drivers/STM32F1xx_HAL_Driver/Src/stm32f1xx_hal_adc_ex.o
                                      0x868e2 (size before relaxing)
 .debug_str     0x000000000008c7b6      0x300 ./Drivers/STM32F1xx_HAL_Driver/Src/stm32f1xx_hal_cortex.o
                                      0x86936 (size before relaxing)
 .debug_str     0x000000000008cab6      0x235 ./Drivers/STM32F1xx_HAL_Driver/Src/stm32f1xx_hal_dma.o
                                      0x86678 (size before relaxing)
 .debug_str     0x000000000008cceb      0x2ff ./Drivers/STM32F1xx_HAL_Driver/Src/stm32f1xx_hal_gpio.o
                                      0x86661 (size before relaxing)
 .debug_str     0x000000000008cfea      0x24f ./Drivers/STM32F1xx_HAL_Driver/Src/stm32f1xx_hal_rcc.o
                                      0x8669a (size before relaxing)
 .debug_str     0x000000000008d239       0xb9 ./Drivers/STM32F1xx_HAL_Driver/Src/stm32f1xx_hal_rcc_ex.o
                                      0x86427 (size before relaxing)
 .debug_str     0x000000000008d2f2      0xd78 ./Drivers/STM32F1xx_HAL_Driver/Src/stm32f1xx_hal_tim.o
                                      0x8766c (size before relaxing)
 .debug_str     0x000000000008e06a      0x45a ./Drivers/STM32F1xx_HAL_Driver/Src/stm32f1xx_hal_tim_ex.o
                                      0x86e1d (size before relaxing)

.comment        0x0000000000000000       0x53
 .comment       0x0000000000000000       0x53 ./Core/Src/adc.o
                                         0x54 (size before relaxing)
 .comment       0x0000000000000053       0x54 ./Core/Src/app3.o
 .comment       0x0000000000000053       0x54 ./Core/Src/main.o
 .comment       0x0000000000000053       0x54 ./Core/Src/motor3.o
 .comment       0x0000000000000053       0x54 ./Core/Src/stm32f1xx_hal_msp.o
 .comment       0x0000000000000053       0x54 ./Core/Src/stm32f1xx_it.o
 .comment       0x0000000000000053       0x54 ./Core/Src/system_stm32f1xx.o
 .comment       0x0000000000000053       0x54 ./Core/Src/test.o
 .comment       0x0000000000000053       0x54 ./Drivers/STM32F1xx_HAL_Driver/Src/stm32f1xx_hal.o
 .comment       0x0000000000000053       0x54 ./Drivers/STM32F1xx_HAL_Driver/Src/stm32f1xx_hal_adc.o
 .comment       0x0000000000000053       0x54 ./Drivers/STM32F1xx_HAL_Driver/Src/stm32f1xx_hal_adc_ex.o
 .comment       0x0000000000000053       0x54 ./Drivers/STM32F1xx_HAL_Driver/Src/stm32f1xx_hal_cortex.o
 .comment       0x0000000000000053       0x54 ./Drivers/STM32F1xx_HAL_Driver/Src/stm32f1xx_hal_dma.o
 .comment       0x0000000000000053       0x54 ./Drivers/STM32F1xx_HAL_Driver/Src/stm32f1xx_hal_gpio.o
 .comment       0x0000000000000053       0x54 ./Drivers/STM32F1xx_HAL_Driver/Src/stm32f1xx_hal_rcc.o
 .comment       0x0000000000000053       0x54 ./Drivers/STM32F1xx_HAL_Driver/Src/stm32f1xx_hal_rcc_ex.o
 .comment       0x0000000000000053       0x54 ./Drivers/STM32F1xx_HAL_Driver/Src/stm32f1xx_hal_tim.o
 .comment       0x0000000000000053       0x54 ./Drivers/STM32F1xx_HAL_Driver/Src/stm32f1xx_hal_tim_ex.o

.debug_frame    0x0000000000000000     0x32e4
 .debug_frame   0x0000000000000000       0x7c ./Core/Src/adc.o
 .debug_frame   0x000000000000007c      0x18c ./Core/Src/app3.o
 .debug_frame   0x0000000000000208       0xf8 ./Core/Src/main.o
 .debug_frame   0x0000000000000300       0xd0 ./Core/Src/motor3.o
 .debug_frame   0x00000000000003d0       0xec ./Core/Src/stm32f1xx_hal_msp.o
 .debug_frame   0x00000000000004bc      0x1c8 ./Core/Src/stm32f1xx_it.o
 .debug_frame   0x0000000000000684       0x58 ./Core/Src/system_stm32f1xx.o
 .debug_frame   0x00000000000006dc       0x70 ./Core/Src/test.o
 .debug_frame   0x000000000000074c      0x334 ./Drivers/STM32F1xx_HAL_Driver/Src/stm32f1xx_hal.o
 .debug_frame   0x0000000000000a80      0x40c ./Drivers/STM32F1xx_HAL_Driver/Src/stm32f1xx_hal_adc.o
 .debug_frame   0x0000000000000e8c      0x200 ./Drivers/STM32F1xx_HAL_Driver/Src/stm32f1xx_hal_adc_ex.o
 .debug_frame   0x000000000000108c      0x428 ./Drivers/STM32F1xx_HAL_Driver/Src/stm32f1xx_hal_cortex.o
 .debug_frame   0x00000000000014b4      0x208 ./Drivers/STM32F1xx_HAL_Driver/Src/stm32f1xx_hal_dma.o
 .debug_frame   0x00000000000016bc      0x14c ./Drivers/STM32F1xx_HAL_Driver/Src/stm32f1xx_hal_gpio.o
 .debug_frame   0x0000000000001808      0x21c ./Drivers/STM32F1xx_HAL_Driver/Src/stm32f1xx_hal_rcc.o
 .debug_frame   0x0000000000001a24       0x84 ./Drivers/STM32F1xx_HAL_Driver/Src/stm32f1xx_hal_rcc_ex.o
 .debug_frame   0x0000000000001aa8     0x11b8 ./Drivers/STM32F1xx_HAL_Driver/Src/stm32f1xx_hal_tim.o
 .debug_frame   0x0000000000002c60      0x638 ./Drivers/STM32F1xx_HAL_Driver/Src/stm32f1xx_hal_tim_ex.o
 .debug_frame   0x0000000000003298       0x2c c:/st/stm32cubeide_1.7.0/stm32cubeide/plugins/com.st.stm32cube.ide.mcu.externaltools.gnu-tools-for-stm32.9-2020-q2-update.win32_2.0.0.202105311346/tools/bin/../lib/gcc/arm-none-eabi/9.3.1/../../../../arm-none-eabi/lib/thumb/v7-m/nofp\libc_nano.a(lib_a-init.o)
 .debug_frame   0x00000000000032c4       0x20 c:/st/stm32cubeide_1.7.0/stm32cubeide/plugins/com.st.stm32cube.ide.mcu.externaltools.gnu-tools-for-stm32.9-2020-q2-update.win32_2.0.0.202105311346/tools/bin/../lib/gcc/arm-none-eabi/9.3.1/../../../../arm-none-eabi/lib/thumb/v7-m/nofp\libc_nano.a(lib_a-memset.o)
